{"manoeuvre_jams"= 19.100000000000001; "uuid"= "uuid2"; "jams"= 19.0; "jams_signals_accounted"= 7u; "jams_last_signal_time"="20150202T120400";"persistent_id"= 15998594250060727004u; "enter_time"= "20150202T120600"; "manoeuvre_match_time"="20150202T120600"; "manoeuvre_jams_create_time"= "20150202T120430"; "manoeuvre_jams_signals_accounted"= 11u; "etalon_travel_time"= 1.0; "clid"= "clid2"; "jams_create_time"= "20150202T120430"; "segment_index"= 0u; "track_start_time"= "20150202T120500"; "manoeuvre_id"=1u; "edge_id"= 0u; "has_dead_jams"=%false};
{"manoeuvre_jams"= 19.199999999999999; "uuid"= "uuid3"; "jams"= 19.0; "jams_signals_accounted"= 7u; "jams_last_signal_time"="20150202T120400";"persistent_id"= 15998594250060727004u; "enter_time"= "20150202T120600"; "manoeuvre_match_time"="20150202T120600"; "manoeuvre_jams_create_time"= "20150202T120430"; "manoeuvre_jams_signals_accounted"= 22u; "etalon_travel_time"= 1.0; "clid"= "clid2"; "jams_create_time"= "20150202T120430"; "segment_index"= 0u; "track_start_time"= "20150202T120500"; "manoeuvre_id"=2u; "edge_id"= 0u; "has_dead_jams"=%false};
{"manoeuvre_jams"= 19.300000000000001; "uuid"= "uuid4"; "jams"= 19.0; "jams_signals_accounted"= 7u; "jams_last_signal_time"="20150202T120400";"persistent_id"= 15998594250060727004u; "enter_time"= "20150202T120600"; "manoeuvre_match_time"="20150202T120600"; "manoeuvre_jams_create_time"= "20150202T120430"; "manoeuvre_jams_signals_accounted"= 33u; "etalon_travel_time"= 1.0; "clid"= "clid2"; "jams_create_time"= "20150202T120430"; "segment_index"= 0u; "track_start_time"= "20150202T120500"; "manoeuvre_id"=3u; "edge_id"= 0u; "has_dead_jams"=%false};
{"manoeuvre_jams"= 29.100000000000001; "uuid"= "uuid2"; "jams"= 29.0; "jams_signals_accounted"= 7u; "jams_last_signal_time"="20150202T120400";"persistent_id"= 6446872242578419316u; "enter_time"= "20150202T121100"; "manoeuvre_match_time"="20150202T121100"; "manoeuvre_jams_create_time"= "20150202T120430"; "manoeuvre_jams_signals_accounted"= 44u; "etalon_travel_time"= 2.0; "clid"= "clid2"; "jams_create_time"= "20150202T120430"; "segment_index"= 0u; "track_start_time"= "20150202T120500"; "manoeuvre_id"=6u; "edge_id"= 10u; "has_dead_jams"=%false};
{"uuid"= "uuid1"; "jams"= 19.0; "jams_signals_accounted"= 7u; "jams_last_signal_time"="20150202T120400";"persistent_id"= 15998594250060727004u; "enter_time"= "20150202T120600"; "manoeuvre_match_time"="20150202T120600"; "etalon_travel_time"= 1.0; "clid"= "clid2"; "jams_create_time"= "20150202T120430"; "segment_index"= 0u; "track_start_time"= "20150202T120500"; "manoeuvre_id"=#; "edge_id"= 0u; "has_dead_jams"=%false};
{"uuid"= "uuid5"; "jams"= 19.0; "jams_signals_accounted"= 7u; "jams_last_signal_time"="20150202T120400";"persistent_id"= 15998594250060727004u; "enter_time"= "20150202T120600"; "manoeuvre_match_time"="20150202T120600"; "etalon_travel_time"= 1.0; "clid"= "clid2"; "jams_create_time"= "20150202T120430"; "segment_index"= 0u; "track_start_time"= "20150202T120500"; "manoeuvre_id"=4u; "edge_id"= 0u; "has_dead_jams"=%false};
{"uuid"= "uuid6"; "jams"= 19.0; "jams_signals_accounted"= 7u; "jams_last_signal_time"="20150202T120400";"persistent_id"= 15998594250060727004u; "enter_time"= "20150202T120600"; "manoeuvre_match_time"="20150202T120600"; "etalon_travel_time"= 1.0; "clid"= "clid2"; "jams_create_time"= "20150202T120430"; "segment_index"= 0u; "track_start_time"= "20150202T120500"; "manoeuvre_id"=5u; "edge_id"= 0u; "has_dead_jams"=%false};
{"uuid"= "uuid1"; "jams"= 29.0; "jams_signals_accounted"= 7u; "jams_last_signal_time"="20150202T120400";"persistent_id"= 6446872242578419316u; "enter_time"= "20150202T121100"; "manoeuvre_match_time"="20150202T121100"; "etalon_travel_time"= 2.0; "clid"= "clid2"; "jams_create_time"= "20150202T120430"; "segment_index"= 0u; "track_start_time"= "20150202T120500"; "manoeuvre_id"=#; "edge_id"= 10u; "has_dead_jams"=%false};
{"uuid"= "uuid1"; "jams"= 39.0; "jams_signals_accounted"= 7u; "jams_last_signal_time"="20150202T120400";"persistent_id"= 17829710289627909446u; "enter_time"= "20150202T122200"; "manoeuvre_match_time"="20150202T122200"; "etalon_travel_time"= 3.0; "clid"= "clid2"; "jams_create_time"= "20150202T120430"; "segment_index"= 0u; "track_start_time"= "20150202T120500"; "manoeuvre_id"=#; "edge_id"= 20u; "has_dead_jams"=%false};
{"uuid"= "uuid2"; "jams"= 39.0; "jams_signals_accounted"= 7u; "jams_last_signal_time"="20150202T120400";"persistent_id"= 17829710289627909446u; "enter_time"= "20150202T122200"; "manoeuvre_match_time"="20150202T122200"; "etalon_travel_time"= 3.0; "clid"= "clid2"; "jams_create_time"= "20150202T120430"; "segment_index"= 0u; "track_start_time"= "20150202T120500"; "manoeuvre_id"=7u; "edge_id"= 20u; "has_dead_jams"=%false};
