[{"headers": [{"indexing": 0, "name": "3a6d6574686f64", "value": "474554"}], "table": []}, {"headers": [{"indexing": 0, "name": "6c6564", "value": "7a657070656c696e"}, {"indexing": 0, "name": "70696e6b", "value": "666c6f7964"}], "table": [{"name": "70696e6b", "value": "666c6f7964"}, {"name": "6c6564", "value": "7a657070656c696e"}]}, {"headers": [{"indexing": 0, "name": "6163", "value": "6463"}], "table": [{"name": "6163", "value": "6463"}, {"name": "70696e6b", "value": "666c6f7964"}, {"name": "6c6564", "value": "7a657070656c696e"}]}]