// Jest Snapshot v1, https://goo.gl/fbAQLP

exports[`should be a span 1`] = `
<cert-card__field-val>
  <span
    className="cert-card__field-val"
    data-lego="react"
    style={Object {}}
  />
</cert-card__field-val>
`;
