// Jest Snapshot v1, https://goo.gl/fbAQLP

exports[`должен отрендерить обычный вариант с блоком "Поделиться" 1`] = `
<header
  className="ArticleHeader"
>
  <ForwardRef(SectionBlock)
    className="ArticleHeader__content"
    gap="none"
    size="l"
  >
    <div
      className="ArticleHeader__autoruLogo"
    >
      <a
        className="MagHeaderLogo__link"
        href="link/index/?"
      >
        Авто.ру
      </a>
    </div>
    <div
      className="ArticleHeader__magLogo"
    >
      <a
        className="MagHeaderLogo__link"
        href="linkMag/mag-index/?"
      >
        Журнал Авто.ру
      </a>
    </div>
    <Memo(Share)
      className="ArticleHeader__share"
      iconSize="20"
      title="Тестовая статья со всеми блоками для тестирования (Не редактируйте эту статью)"
    />
  </ForwardRef(SectionBlock)>
</header>
`;
