// Jest Snapshot v1, https://goo.gl/fbAQLP

exports[`должен отрендерить варианты ответа с чекбоксами и кнопкой "Далее" 1`] = `
<div
  className="AutoGuruQuestion__answersCheckbox"
>
  <CheckboxGroup
    className="AutoGuruQuestion__answersCheckboxGroup"
    onChange={[Function]}
    value={Array []}
  >
    <Checkbox
      checked={false}
      className="AutoGuruQuestion__answersItemCheckbox"
      key="0"
      onCheck={[Function]}
      size="m"
      type="checkbox"
      value={0}
    >
      первый вариант
    </Checkbox>
    <Checkbox
      checked={false}
      className="AutoGuruQuestion__answersItemCheckbox"
      key="1"
      onCheck={[Function]}
      size="m"
      type="checkbox"
      value={1}
    >
      второй вариант
    </Checkbox>
  </CheckboxGroup>
  <Button
    className="AutoGuruQuestion__buttonNext"
    color="transparentBlackBlue"
    onClick={[Function]}
    size="l"
    type="button"
    width="narrow"
  >
    Далее
  </Button>
</div>
`;
