// Jest Snapshot v1, https://goo.gl/fbAQLP

exports[`должен заполнять селект моделей моделями выбранной марки 1`] = `
Array [
  Object {
    "count": 0,
    "cyrillic_name": "Аэростар",
    "id": "AEROSTAR",
    "itemFilterParams": Object {
      "model": "AEROSTAR",
    },
    "name": "Aerostar",
    "nameplates": Array [],
    "popular": false,
    "year_from": 1986,
    "year_to": 1997,
  },
  Object {
    "count": 0,
    "cyrillic_name": "Эспайр",
    "id": "ASPIRE",
    "itemFilterParams": Object {
      "model": "ASPIRE",
    },
    "name": "Aspire",
    "nameplates": Array [],
    "popular": false,
    "year_from": 1993,
    "year_to": 1997,
  },
  Object {
    "count": 0,
    "cyrillic_name": "Б-МАКС",
    "id": "B_MAX",
    "itemFilterParams": Object {
      "model": "B_MAX",
    },
    "name": "B-MAX",
    "nameplates": Array [],
    "popular": false,
    "year_from": 2012,
    "year_to": 2018,
  },
]
`;

exports[`должен заполнять селект поколений поколениями выбранной марки и модели 1`] = `
<Select
  clearItemText="Любое"
  disabled={false}
  maxMenuHeight={0}
  menuSize="m"
  mode="radio-check"
  onChange={[Function]}
  placeholder="Поколение"
  size="l"
  value="7695508"
  width="full"
>
  <Item
    key="21126901"
    name="I Рестайлинг"
    value="21126901"
  >
    I Рестайлинг
  </Item>
  <Item
    key="20104320"
    name="I"
    value="20104320"
  >
    I
  </Item>
</Select>
`;
