// Jest Snapshot v1, https://goo.gl/fbAQLP

exports[`должен корректно отрендерить фильтр блока "Все конфигурации" 1`] = `
<Select
  className="CardGroupAllConfigurationsFilter"
  index={0}
  maxHeight={310}
  maxMenuHeight={0}
  menuClassName="CardGroupAllConfigurationsFilter__menu"
  menuSize="m"
  mode="check"
  onChange={[Function]}
  placeholder="Трансмиссия"
  size="l"
  value={Array []}
>
  <Item
    key="Автомат"
    value="Автомат"
  >
    Автомат
  </Item>
  <Item
    key="Роботизированная"
    value="Роботизированная"
  >
    Роботизированная
  </Item>
  <Item
    key="Вариатор"
    value="Вариатор"
  >
    Вариатор
  </Item>
  <Item
    key="Механика"
    value="Механика"
  >
    Механика
  </Item>
</Select>
`;
