// Jest Snapshot v1, https://goo.gl/fbAQLP

exports[`должен отрендерить сначала селекты, потом чекбоксы, причем ровно в том порядке, в котором они пришли 1`] = `
<div
  className="CatalogEquipmentFiltersGroup CatalogEquipmentFiltersGroup_controlSize_m"
>
  <div
    className="CatalogEquipmentFiltersGroup__title"
  >
    название
  </div>
  <div
    className="CatalogEquipmentFiltersGroup__group"
  >
    <div
      className="CatalogEquipmentFiltersGroup__column"
      key="0"
    >
      <div
        className="CatalogEquipmentFiltersGroup__item"
        key="селект1"
      >
        <CatalogEquipmentFilter
          controlSize="m"
          group={
            Object {
              "name": "селект1",
              "options": Array [],
            }
          }
          onChange={[MockFunction]}
          value={Array []}
        />
      </div>
    </div>
    <div
      className="CatalogEquipmentFiltersGroup__column"
      key="1"
    >
      <div
        className="CatalogEquipmentFiltersGroup__item"
        key="селект2"
      >
        <CatalogEquipmentFilter
          controlSize="m"
          group={
            Object {
              "name": "селект2",
              "options": Array [],
            }
          }
          onChange={[MockFunction]}
          value={Array []}
        />
      </div>
    </div>
    <div
      className="CatalogEquipmentFiltersGroup__column"
      key="2"
    />
  </div>
  <div
    className="CatalogEquipmentFiltersGroup__group"
  >
    <div
      className="CatalogEquipmentFiltersGroup__column"
      key="0"
    >
      <div
        className="CatalogEquipmentFiltersGroup__item"
        key="чекбокс1"
      >
        <CatalogEquipmentFilter
          controlSize="m"
          group={
            Object {
              "code": "code1",
              "name": "чекбокс1",
            }
          }
          onChange={[MockFunction]}
          value={Array []}
        />
      </div>
      <div
        className="CatalogEquipmentFiltersGroup__item"
        key="чекбокс2"
      >
        <CatalogEquipmentFilter
          controlSize="m"
          group={
            Object {
              "code": "code2",
              "name": "чекбокс2",
            }
          }
          onChange={[MockFunction]}
          value={Array []}
        />
      </div>
    </div>
    <div
      className="CatalogEquipmentFiltersGroup__column"
      key="1"
    >
      <div
        className="CatalogEquipmentFiltersGroup__item"
        key="чекбокс3"
      >
        <CatalogEquipmentFilter
          controlSize="m"
          group={
            Object {
              "code": "code3",
              "name": "чекбокс3",
            }
          }
          onChange={[MockFunction]}
          value={Array []}
        />
      </div>
    </div>
    <div
      className="CatalogEquipmentFiltersGroup__column"
      key="2"
    >
      <div
        className="CatalogEquipmentFiltersGroup__item"
        key="чекбокс4"
      >
        <CatalogEquipmentFilter
          controlSize="m"
          group={
            Object {
              "code": "code4",
              "name": "чекбокс4",
            }
          }
          onChange={[MockFunction]}
          value={Array []}
        />
      </div>
    </div>
  </div>
</div>
`;
