// Jest Snapshot v1, https://goo.gl/fbAQLP

exports[`должен вызывать правильный набор блоков для роли клиента 1`] = `
Object {
  "activeCounters": Object {
    "all": Object {},
    "multiposting": Object {},
  },
  "billingCampaignCall": Object {},
  "billingCampaignCallCarsUsed": Object {},
  "bunker": Object {
    "access_denied": undefined,
    "app_promo_popup": undefined,
    "cabinet/balance_recharge": undefined,
    "cabinet/cashback_popup": undefined,
    "cabinet/feedback": undefined,
    "cabinet/loyalty": undefined,
    "cabinet/onboarding": undefined,
    "cabinet/top_banner": undefined,
    "products_info": undefined,
  },
  "client": Object {
    "result": Object {
      "first_moderated": "1",
    },
  },
  "cookies": Object {},
  "dealerCampaigns": Array [
    Object {
      "category": "CARS",
      "section": Array [
        "NEW",
      ],
      "size": 2147483647,
    },
  ],
  "getClientManager": Object {},
  "getDealerAccount": Object {
    "account_id": "23390",
    "average_outcome": 0,
    "balance": "35881943",
    "balance_client_id": "6768467",
    "dealer_status": "ACTIVE",
    "overdraft": Object {
      "allowed": false,
      "limit": 741900,
      "spent": 0,
    },
    "payment_actions": Object {
      "card_payment": true,
      "invoice": true,
      "invoice_request": true,
      "overdraft": false,
    },
    "rest_days": 0,
  },
  "invoicePersons": Object {},
  "loyalty": Object {},
  "navigation": "clientSidebar",
  "personalSettings": Object {
    "sex": "male",
  },
  "promoFeatures": Array [
    Object {
      "count": 10,
      "id": "feature-id",
      "jsonPayload": Object {
        "discount": Object {
          "discountType": "percent",
          "value": "10",
        },
      },
      "tag": "top",
      "unit": "items",
    },
  ],
  "registrationSteps": DescriptError {
    "error": Object {
      "id": "BLOCK_GUARDED",
    },
  },
  "tariffs": Array [],
  "unconfirmedListing": DescriptError {
    "error": Object {
      "id": "BLOCK_GUARDED",
    },
  },
}
`;
