// Jest Snapshot v1, https://goo.gl/fbAQLP

exports[`–†–∞–∑–º–µ—Ç–∫–∞ –¥–ª—è –≥—Ä—É–ø–ø –∫–∞—Ä—Ç–æ—á–µ–∫ –î–æ–ª–∂–µ–Ω –≤–µ—Ä–Ω—É—Ç—å —Ä–∞–∑–º–µ—Ç–∫—É 1`] = `
Array [
  Object {
    "@context": "https://schema.org",
    "@type": "https://schema.org/Product",
    "aggregateRating": Object {
      "@type": "AggregateRating",
      "bestRating": "5",
      "ratingValue": "123.5",
      "reviewCount": "123",
    },
    "brand": "FORD",
    "color": "–±–µ–ª—ã–π",
    "description": "–ê–≤—Ç–æ–º–æ–±–∏–ª—å –≤ –ò–î–ï–ê–õ–¨–ù–û–ú —Å–æ—Å—Ç–æ—è–Ω–∏–∏, –Ω–∞ 5+++++
–ù–∞ –ì–∞—Ä–∞–Ω—Ç–∏–∏!!!
–ó–∞–±–µ–≥–∞—è –≤–ø–µ—Ä–µ–¥ –ø—Ä–æ–¥–∞—é –∏–∑-–∑–∞ –Ω—É–∂–¥—ã –≤ –¥–µ–Ω—å‚Ä¶",
    "image": Object {
      "@context": "https://schema.org",
      "@type": "ImageObject",
      "author": "–î–º–∏—Ç—Ä–∏–π",
      "contentUrl": "http:picture-of-cat",
      "datePublished": "2019-03-21",
      "description": "Ford EcoSport I –±–µ–ª–æ–≥–æ —Ü–≤–µ—Ç–∞ –ø–æ —Ü–µ–Ω–µ 855¬†000¬†—Ä—É–±–ª–µ–π –≤ –ú–æ—Å–∫–≤–µ",
      "name": "Ford EcoSport I –±–µ–ª–æ–≥–æ —Ü–≤–µ—Ç–∞",
    },
    "name": "Ford EcoSport I",
    "offers": Object {
      "@context": "https://schema.org",
      "@type": "AggregateOffer",
      "highPrice": 45000,
      "lowPrice": 45000,
      "offerCount": 1,
      "priceCurrency": "RUR",
    },
    "productionDate": 2017,
  },
  Object {
    "@context": "https://schema.org",
    "@type": "http://schema.org/BreadcrumbList",
    "itemListElement": Array [
      Object {
        "@type": "ListItem",
        "item": Object {
          "@id": "https://autoru_frontend.base_domain/cars/toyota/new/?do_not_redirect=true",
          "@type": "Thing",
        },
        "name": "Toyota",
        "position": 1,
      },
      Object {
        "@type": "ListItem",
        "item": Object {
          "@id": "https://autoru_frontend.base_domain/cars/toyota/camry/new/?do_not_redirect=true",
          "@type": "Thing",
        },
        "name": "Camry",
        "position": 2,
      },
    ],
  },
  Object {
    "@context": "https://schema.org",
    "@type": "SaleEvent",
    "description": "–°—Ä–∞–≤–Ω–∏ —Å—Ç–æ–∏–º–æ—Å—Ç—å –û–°–ê–ì–û —É —Ä–∞–∑–Ω—ã—Ö –∫–æ–º–ø–∞–Ω–∏–π",
    "endDate": "2022-02-01T21:00:00+03:00",
    "location": Object {
      "@type": "Place",
      "name": "–ê–≤—Ç–æ.—Ä—É",
    },
    "name": "üîî –°—Ç—Ä–∞—Ö–æ–≤–∫–∞-–æ–Ω–ª–∞–π–Ω",
    "startDate": "2021-12-01T21:00:00+03:00",
  },
  Object {
    "@context": "https://schema.org",
    "@type": "SaleEvent",
    "description": "–ü—Ä–æ–≤–µ—Ä–∫–∞ –ü—Ä–æ–ê–≤—Ç–æ",
    "endDate": "2022-02-01T21:00:00+03:00",
    "location": Object {
      "@type": "Place",
      "name": "–ê–≤—Ç–æ.—Ä—É",
    },
    "name": "üîî –ü—Ä–æ–≤–µ—Ä–∫–∞ –ø–æ VIN",
    "startDate": "2021-12-01T21:00:00+03:00",
  },
  Object {
    "@context": "https://schema.org",
    "@type": "SaleEvent",
    "description": "–î–æ–±–∞–≤—å —Å–≤–æ–µ –∞–≤—Ç–æ –≤ –ì–∞—Ä–∞–∂ –∏ –ø–æ–ª—É—á–∞–π –±–æ–Ω—É—Å—ã",
    "endDate": "2022-02-01T21:00:00+03:00",
    "location": Object {
      "@type": "Place",
      "name": "–ê–≤—Ç–æ.—Ä—É",
    },
    "name": "üîî –°–∫–∏–¥–∫–∏ –≤ —Ç–≤–æ–µ–º –ì–∞—Ä–∞–∂–µ",
    "startDate": "2021-12-01T21:00:00+03:00",
  },
]
`;
