// Jest Snapshot v1, https://goo.gl/fbAQLP

exports[`должен отдать правильную инфу о звонках 1`] = `
Object {
  "bunkerDict": Object {
    "missing": "Пропущено",
    "moreButton": "Подробнее",
    "noCallTracking": Object {
      "addCallTracking": "Подключить",
      "text": "для отслеживания звонков подключите коллтрекинг. это бесплатно",
    },
    "noOffers": Object {
      "text": "После добавления объявлений здесь будет отображаться статистика принятых и пропущенных вызовов",
    },
    "noStats": Object {
      "text": "Звонков не поступало. Добавляйте больше фотографий, продвигайте объявления",
    },
    "received": "Принято",
    "title": "Звонки",
  },
  "chartData": "CHART_DATA",
  "hasCallTracking": true,
  "hasDataFromBackend": true,
  "hasStats": true,
  "missing": 7,
  "received": 9,
  "total": 16,
}
`;
