// Jest Snapshot v1, https://goo.gl/fbAQLP

exports[`возвращает getPosts ресурс, если одна категория и один тег 1`] = `
Object {
  "pageNumber": 1,
  "totalArticlesCount": 3,
  "totalPageCount": 1,
}
`;

exports[`возвращает getPostsForSection ресурс, если два тега 1`] = `
Object {
  "pageNumber": 1,
  "totalArticlesCount": 3,
  "totalPageCount": 1,
}
`;

exports[`возвращает getPostsForSection ресурс, если две категории 1`] = `
Object {
  "pageNumber": 1,
  "totalArticlesCount": 3,
  "totalPageCount": 1,
}
`;
