// Jest Snapshot v1, https://goo.gl/fbAQLP

exports[`возвращает правильные фильтры, сразу после первой ссылки 1`] = `
Object {
  "acceleration_from": "10",
  "acceleration_to": "45",
  "body_type_group": "HATCHBACK_3_DOORS",
  "catalog_equipment": Array [
    "electro-trunk",
    "computer",
    "keyless-entry",
    "engine-proof",
    "multi-wheel",
    "turnbuckle",
  ],
  "catalog_filter": Array [
    Object {
      "generation": "6256978",
      "mark": "VAZ",
      "model": "2101",
    },
  ],
  "category": "cars",
  "clearance_from": "2",
  "displacement_from": "500",
  "displacement_to": "1500",
  "engine_group": "ELECTRO",
  "exchange_group": "POSSIBLE",
  "fuel_rate_to": "1",
  "gear_type": "ALL_WHEEL_DRIVE",
  "km_age_from": "10",
  "km_age_to": "200",
  "online_view": "true",
  "power_from": "1",
  "power_to": "1000",
  "price_from": "1000000",
  "price_to": "25434554",
  "pts_status": "1",
  "search_tag": Array [
    "comfort",
    "external_panoramas",
  ],
  "section": "all",
  "transmission": "ROBOT",
  "trunk_volume_from": "10",
  "with_delivery": "NONE",
  "year_from": "2009",
  "year_to": "2020",
}
`;

exports[`правильно строит фильтры и накапливает офферы 1`] = `
Object {
  "catalog_filter": Array [
    Object {
      "mark": "BMW",
    },
  ],
  "category": "cars",
  "section": "all",
}
`;
