// Jest Snapshot v1, https://goo.gl/fbAQLP

exports[`добавит кошелек в способы оплаты, если суммы на балансе достаточно 1`] = `
Object {
  "methodId": "wallet",
  "methodType": "Custom",
  "name": "Кошелёк 200 ₽",
}
`;

exports[`правильно форматирует данные карт 1`] = `
Array [
  Object {
    "issuer": undefined,
    "methodId": "card-xfef56f4b79cff2b5bd45d912",
    "methodType": "BankCard",
    "number": "510000|5755",
    "paySystem": "Mastercard",
  },
  Object {
    "issuer": "TinkoffBank",
    "methodId": "card-xf84b20b2355444d84a2eb98d",
    "methodType": "BankCard",
    "number": "510000|1554",
    "paySystem": "Visa",
  },
]
`;
