// Jest Snapshot v1, https://goo.gl/fbAQLP

exports[`–ì—Ä—É–ø–ø—ã –∫–∞—Ä—Ç–æ—á–µ–∫ –¥–æ–ª–∂–µ–Ω –≤–µ—Ä–Ω—É—Ç—å –ø—Ä–∞–≤–∏–ª—å–Ω—ã–µ –ø–æ–ª—è –¥–ª—è –≥—Ä—É–ø–ø—ã c –æ—Ñ—Ñ–µ—Ä–∞–º–∏ 1`] = `
Object {
  "amphtml": "https://autoru_frontend.base_domain/moskva/amp/cars/new/group/audi/q3/20293979-20294010/",
  "canonical": "https://autoru_frontend.base_domain/moskva/cars/new/group/audi/q3/20293979-20294010/",
  "description": "–ù–æ–≤—ã–π Audi Q3 I –†–µ—Å—Ç–∞–π–ª–∏–Ω–≥, –≤–Ω–µ–¥–æ—Ä–æ–∂–Ω–∏–∫ 5-–¥–≤–µ—Ä–Ω—ã–π –≤ –ú–æ—Å–∫–≤–µ –Ω–∞ –ê–≤—Ç–æ.—Ä—É",
  "image": "https://images.mds-proxy.test.avto.ru/get-autoru-vos/2071343/df0f08c6c9f772cf4486964f4c00e2f6/1200x900",
  "ogTitle": "–ö—É–ø–∏—Ç—å –Ω–æ–≤—ã–π Audi Q3 I –†–µ—Å—Ç–∞–π–ª–∏–Ω–≥ –í–Ω–µ–¥–æ—Ä–æ–∂–Ω–∏–∫ 5 –¥–≤. –ê–≤—Ç–æ.—Ä—É",
  "structuredData": Array [
    Object {
      "@context": "https://schema.org",
      "@type": "https://schema.org/Product",
      "brand": undefined,
      "color": undefined,
      "description": undefined,
      "image": Object {
        "@context": "https://schema.org",
        "@type": "ImageObject",
        "author": "",
        "contentUrl": undefined,
        "datePublished": "",
        "description": "  undefined —Ü–≤–µ—Ç–∞ –ø–æ —Ü–µ–Ω–µ  –≤ undefined",
        "name": "  undefined —Ü–≤–µ—Ç–∞",
      },
      "name": " ",
      "offers": Object {
        "@context": "https://schema.org",
        "@type": "AggregateOffer",
        "highPrice": undefined,
        "lowPrice": 0,
        "offerCount": undefined,
        "priceCurrency": "RUB",
      },
      "productionDate": undefined,
    },
    Object {
      "@context": "https://schema.org",
      "@type": "http://schema.org/BreadcrumbList",
      "itemListElement": Array [
        Object {
          "@type": "ListItem",
          "item": Object {
            "@id": "https://autoru_frontend.base_domain/cars/audi/new/?do_not_redirect=true",
            "@type": "Thing",
          },
          "name": "Audi",
          "position": 1,
        },
        Object {
          "@type": "ListItem",
          "item": Object {
            "@id": "https://autoru_frontend.base_domain/cars/audi/q3/new/?do_not_redirect=true",
            "@type": "Thing",
          },
          "name": "Q3",
          "position": 2,
        },
      ],
    },
    Object {
      "@context": "https://schema.org",
      "@type": "SaleEvent",
      "description": "–°—Ä–∞–≤–Ω–∏ —Å—Ç–æ–∏–º–æ—Å—Ç—å –û–°–ê–ì–û —É —Ä–∞–∑–Ω—ã—Ö –∫–æ–º–ø–∞–Ω–∏–π",
      "endDate": "2022-02-01T21:00:00+03:00",
      "location": Object {
        "@type": "Place",
        "name": "–ê–≤—Ç–æ.—Ä—É",
      },
      "name": "üîî –°—Ç—Ä–∞—Ö–æ–≤–∫–∞-–æ–Ω–ª–∞–π–Ω",
      "startDate": "2021-12-01T21:00:00+03:00",
    },
    Object {
      "@context": "https://schema.org",
      "@type": "SaleEvent",
      "description": "–ü—Ä–æ–≤–µ—Ä–∫–∞ –ü—Ä–æ–ê–≤—Ç–æ",
      "endDate": "2022-02-01T21:00:00+03:00",
      "location": Object {
        "@type": "Place",
        "name": "–ê–≤—Ç–æ.—Ä—É",
      },
      "name": "üîî –ü—Ä–æ–≤–µ—Ä–∫–∞ –ø–æ VIN",
      "startDate": "2021-12-01T21:00:00+03:00",
    },
    Object {
      "@context": "https://schema.org",
      "@type": "SaleEvent",
      "description": "–î–æ–±–∞–≤—å —Å–≤–æ–µ –∞–≤—Ç–æ –≤ –ì–∞—Ä–∞–∂ –∏ –ø–æ–ª—É—á–∞–π –±–æ–Ω—É—Å—ã",
      "endDate": "2022-02-01T21:00:00+03:00",
      "location": Object {
        "@type": "Place",
        "name": "–ê–≤—Ç–æ.—Ä—É",
      },
      "name": "üîî –°–∫–∏–¥–∫–∏ –≤ —Ç–≤–æ–µ–º –ì–∞—Ä–∞–∂–µ",
      "startDate": "2021-12-01T21:00:00+03:00",
    },
  ],
  "title": "–ö—É–ø–∏—Ç—å –Ω–æ–≤—ã–π Audi Q3 I –†–µ—Å—Ç–∞–π–ª–∏–Ω–≥ –≤ –ú–æ—Å–∫–≤–µ | –¶–µ–Ω—ã –Ω–∞ –ê—É–¥–∏ –ö—É3 I –†–µ—Å—Ç–∞–π–ª–∏–Ω–≥ –≤–Ω–µ–¥–æ—Ä–æ–∂–Ω–∏–∫ 5-–¥–≤–µ—Ä–Ω—ã–π –Ω–∞ –ê–≤—Ç–æ.—Ä—É",
}
`;

exports[`–ì—Ä—É–ø–ø—ã –∫–∞—Ä—Ç–æ—á–µ–∫ –¥–æ–ª–∂–µ–Ω –≤–µ—Ä–Ω—É—Ç—å –ø—Ä–∞–≤–∏–ª—å–Ω—ã–µ –ø–æ–ª—è –¥–ª—è –≥—Ä—É–ø–ø—ã –±–µ–∑ –æ—Ñ—Ñ–µ—Ä–æ–≤ 1`] = `
Object {
  "amphtml": "https://autoru_frontend.base_domain/moskva/amp/cars/new/group/audi/q3/20293979-20294010/",
  "canonical": "https://autoru_frontend.base_domain/moskva/cars/new/group/audi/q3/20293979-20294010/",
  "description": "–ù–æ–≤—ã–π Audi Q3 I –†–µ—Å—Ç–∞–π–ª–∏–Ω–≥, –≤–Ω–µ–¥–æ—Ä–æ–∂–Ω–∏–∫ 5-–¥–≤–µ—Ä–Ω—ã–π –≤ –ú–æ—Å–∫–≤–µ –Ω–∞ –ê–≤—Ç–æ.—Ä—É",
  "image": "https://avatars.mds.yandex.net/get-verba/937147/2a0000016dcf95343f30126207cd576076e2/cattouch",
  "ogTitle": "–ö—É–ø–∏—Ç—å –Ω–æ–≤—ã–π Audi Q3 I –†–µ—Å—Ç–∞–π–ª–∏–Ω–≥ –í–Ω–µ–¥–æ—Ä–æ–∂–Ω–∏–∫ 5 –¥–≤. –ê–≤—Ç–æ.—Ä—É",
  "structuredData": Array [
    null,
    Object {
      "@context": "https://schema.org",
      "@type": "http://schema.org/BreadcrumbList",
      "itemListElement": Array [
        Object {
          "@type": "ListItem",
          "item": Object {
            "@id": "https://autoru_frontend.base_domain/cars/audi/new/?do_not_redirect=true",
            "@type": "Thing",
          },
          "name": "Audi",
          "position": 1,
        },
        Object {
          "@type": "ListItem",
          "item": Object {
            "@id": "https://autoru_frontend.base_domain/cars/audi/q3/new/?do_not_redirect=true",
            "@type": "Thing",
          },
          "name": "Q3",
          "position": 2,
        },
      ],
    },
    Object {
      "@context": "https://schema.org",
      "@type": "SaleEvent",
      "description": "–°—Ä–∞–≤–Ω–∏ —Å—Ç–æ–∏–º–æ—Å—Ç—å –û–°–ê–ì–û —É —Ä–∞–∑–Ω—ã—Ö –∫–æ–º–ø–∞–Ω–∏–π",
      "endDate": "2022-02-01T21:00:00+03:00",
      "location": Object {
        "@type": "Place",
        "name": "–ê–≤—Ç–æ.—Ä—É",
      },
      "name": "üîî –°—Ç—Ä–∞—Ö–æ–≤–∫–∞-–æ–Ω–ª–∞–π–Ω",
      "startDate": "2021-12-01T21:00:00+03:00",
    },
    Object {
      "@context": "https://schema.org",
      "@type": "SaleEvent",
      "description": "–ü—Ä–æ–≤–µ—Ä–∫–∞ –ü—Ä–æ–ê–≤—Ç–æ",
      "endDate": "2022-02-01T21:00:00+03:00",
      "location": Object {
        "@type": "Place",
        "name": "–ê–≤—Ç–æ.—Ä—É",
      },
      "name": "üîî –ü—Ä–æ–≤–µ—Ä–∫–∞ –ø–æ VIN",
      "startDate": "2021-12-01T21:00:00+03:00",
    },
    Object {
      "@context": "https://schema.org",
      "@type": "SaleEvent",
      "description": "–î–æ–±–∞–≤—å —Å–≤–æ–µ –∞–≤—Ç–æ –≤ –ì–∞—Ä–∞–∂ –∏ –ø–æ–ª—É—á–∞–π –±–æ–Ω—É—Å—ã",
      "endDate": "2022-02-01T21:00:00+03:00",
      "location": Object {
        "@type": "Place",
        "name": "–ê–≤—Ç–æ.—Ä—É",
      },
      "name": "üîî –°–∫–∏–¥–∫–∏ –≤ —Ç–≤–æ–µ–º –ì–∞—Ä–∞–∂–µ",
      "startDate": "2021-12-01T21:00:00+03:00",
    },
  ],
  "title": "–ö—É–ø–∏—Ç—å –Ω–æ–≤—ã–π Audi Q3 I –†–µ—Å—Ç–∞–π–ª–∏–Ω–≥ –≤ –ú–æ—Å–∫–≤–µ | –¶–µ–Ω—ã –Ω–∞ –ê—É–¥–∏ –ö—É3 I –†–µ—Å—Ç–∞–π–ª–∏–Ω–≥ –≤–Ω–µ–¥–æ—Ä–æ–∂–Ω–∏–∫ 5-–¥–≤–µ—Ä–Ω—ã–π –Ω–∞ –ê–≤—Ç–æ.—Ä—É",
}
`;

exports[`–ì—Ä—É–ø–ø—ã –∫–∞—Ä—Ç–æ—á–µ–∫ –¥–æ–ª–∂–µ–Ω –≤–µ—Ä–Ω—É—Ç—å –ø—Ä–∞–≤–∏–ª—å–Ω—ã–µ –ø–æ–ª—è –¥–ª—è –≥—Ä—É–ø–ø—ã –±–µ–∑ –æ—Ñ—Ñ–µ—Ä–æ–≤ –∏ –±–µ–∑ —Ä–µ–Ω–¥–µ—Ä–æ–≤ 1`] = `
Object {
  "amphtml": "https://autoru_frontend.base_domain/moskva/amp/cars/new/group/audi/q3/20293979-20294010/",
  "canonical": "https://autoru_frontend.base_domain/moskva/cars/new/group/audi/q3/20293979-20294010/",
  "description": "–ù–æ–≤—ã–π Audi Q3 I –†–µ—Å—Ç–∞–π–ª–∏–Ω–≥, –≤–Ω–µ–¥–æ—Ä–æ–∂–Ω–∏–∫ 5-–¥–≤–µ—Ä–Ω—ã–π –≤ –ú–æ—Å–∫–≤–µ –Ω–∞ –ê–≤—Ç–æ.—Ä—É",
  "image": "https://avatars.mds.yandex.net/get-verba/787013/2a0000016095f2130bbdf48f5215b874d157/cattouch",
  "ogTitle": "–ö—É–ø–∏—Ç—å –Ω–æ–≤—ã–π Audi Q3 I –†–µ—Å—Ç–∞–π–ª–∏–Ω–≥ –í–Ω–µ–¥–æ—Ä–æ–∂–Ω–∏–∫ 5 –¥–≤. –ê–≤—Ç–æ.—Ä—É",
  "structuredData": Array [
    null,
    Object {
      "@context": "https://schema.org",
      "@type": "http://schema.org/BreadcrumbList",
      "itemListElement": Array [
        Object {
          "@type": "ListItem",
          "item": Object {
            "@id": "https://autoru_frontend.base_domain/cars/audi/new/?do_not_redirect=true",
            "@type": "Thing",
          },
          "name": "Audi",
          "position": 1,
        },
        Object {
          "@type": "ListItem",
          "item": Object {
            "@id": "https://autoru_frontend.base_domain/cars/audi/q3/new/?do_not_redirect=true",
            "@type": "Thing",
          },
          "name": "Q3",
          "position": 2,
        },
      ],
    },
    Object {
      "@context": "https://schema.org",
      "@type": "SaleEvent",
      "description": "–°—Ä–∞–≤–Ω–∏ —Å—Ç–æ–∏–º–æ—Å—Ç—å –û–°–ê–ì–û —É —Ä–∞–∑–Ω—ã—Ö –∫–æ–º–ø–∞–Ω–∏–π",
      "endDate": "2022-02-01T21:00:00+03:00",
      "location": Object {
        "@type": "Place",
        "name": "–ê–≤—Ç–æ.—Ä—É",
      },
      "name": "üîî –°—Ç—Ä–∞—Ö–æ–≤–∫–∞-–æ–Ω–ª–∞–π–Ω",
      "startDate": "2021-12-01T21:00:00+03:00",
    },
    Object {
      "@context": "https://schema.org",
      "@type": "SaleEvent",
      "description": "–ü—Ä–æ–≤–µ—Ä–∫–∞ –ü—Ä–æ–ê–≤—Ç–æ",
      "endDate": "2022-02-01T21:00:00+03:00",
      "location": Object {
        "@type": "Place",
        "name": "–ê–≤—Ç–æ.—Ä—É",
      },
      "name": "üîî –ü—Ä–æ–≤–µ—Ä–∫–∞ –ø–æ VIN",
      "startDate": "2021-12-01T21:00:00+03:00",
    },
    Object {
      "@context": "https://schema.org",
      "@type": "SaleEvent",
      "description": "–î–æ–±–∞–≤—å —Å–≤–æ–µ –∞–≤—Ç–æ –≤ –ì–∞—Ä–∞–∂ –∏ –ø–æ–ª—É—á–∞–π –±–æ–Ω—É—Å—ã",
      "endDate": "2022-02-01T21:00:00+03:00",
      "location": Object {
        "@type": "Place",
        "name": "–ê–≤—Ç–æ.—Ä—É",
      },
      "name": "üîî –°–∫–∏–¥–∫–∏ –≤ —Ç–≤–æ–µ–º –ì–∞—Ä–∞–∂–µ",
      "startDate": "2021-12-01T21:00:00+03:00",
    },
  ],
  "title": "–ö—É–ø–∏—Ç—å –Ω–æ–≤—ã–π Audi Q3 I –†–µ—Å—Ç–∞–π–ª–∏–Ω–≥ –≤ –ú–æ—Å–∫–≤–µ | –¶–µ–Ω—ã –Ω–∞ –ê—É–¥–∏ –ö—É3 I –†–µ—Å—Ç–∞–π–ª–∏–Ω–≥ –≤–Ω–µ–¥–æ—Ä–æ–∂–Ω–∏–∫ 5-–¥–≤–µ—Ä–Ω—ã–π –Ω–∞ –ê–≤—Ç–æ.—Ä—É",
}
`;
