// Jest Snapshot v1, https://goo.gl/fbAQLP

exports[`должен вернуть правильное описание параметров поиска для CARS {"catalog_equipment":["led-lights,xenon","rain-sensor"],"section":"all"} 1`] = `
Object {
  "moreCount": 0,
  "paramsInfo": Array [
    Object {
      "key": "catalog_equipment",
      "label": undefined,
      "val": "название led-lights",
    },
    Object {
      "key": "catalog_equipment",
      "label": undefined,
      "val": "название xenon",
    },
    Object {
      "key": "catalog_equipment",
      "label": undefined,
      "val": "название rain-sensor",
    },
  ],
}
`;

exports[`должен вернуть правильное описание параметров поиска для CARS {"currency":"USD","price_from":2000,"section":"used"} 1`] = `
Object {
  "moreCount": 0,
  "paramsInfo": Array [
    Object {
      "key": "section",
      "val": "С пробегом",
    },
    Object {
      "key": "price_from",
      "label": "Цена",
      "val": "от 2 000 $",
    },
  ],
}
`;

exports[`должен вернуть правильное описание параметров поиска для CARS {"displacement_from":600,"displacement_to":1000,"section":"used"} 1`] = `
Object {
  "moreCount": 0,
  "paramsInfo": Array [
    Object {
      "key": "section",
      "val": "С пробегом",
    },
    Object {
      "key": "displacement",
      "label": "Объем",
      "val": "0.6 — 1.0 л",
    },
  ],
}
`;

exports[`должен вернуть правильное описание параметров поиска для CARS {"displacement_from":600,"section":"used"} 1`] = `
Object {
  "moreCount": 0,
  "paramsInfo": Array [
    Object {
      "key": "section",
      "val": "С пробегом",
    },
    Object {
      "key": "displacement_from",
      "label": "Объем",
      "val": "от 0.6 л",
    },
  ],
}
`;

exports[`должен вернуть правильное описание параметров поиска для CARS {"displacement_to":1000,"section":"used"} 1`] = `
Object {
  "moreCount": 0,
  "paramsInfo": Array [
    Object {
      "key": "section",
      "val": "С пробегом",
    },
    Object {
      "key": "displacement_to",
      "label": "Объем",
      "val": "до 1.0 л",
    },
  ],
}
`;

exports[`должен вернуть правильное описание параметров поиска для CARS {"engine_group":["ELECTRO","TURBO","ATMO"],"section":"all"} 1`] = `
Object {
  "moreCount": 0,
  "paramsInfo": Array [
    Object {
      "key": "engine_group",
      "label": "Двигатель",
      "val": "Электро, Турбированный, Атмосферный",
    },
  ],
}
`;

exports[`должен вернуть правильное описание параметров поиска для CARS {"has_image":false,"has_history":true,"section":"used"} 1`] = `
Object {
  "moreCount": 0,
  "paramsInfo": Array [
    Object {
      "key": "section",
      "val": "С пробегом",
    },
    Object {
      "key": "has_image",
      "label": "Только с фото",
      "val": "Неважно",
    },
    Object {
      "val": "С историей",
    },
  ],
}
`;

exports[`должен вернуть правильное описание параметров поиска для CARS {"has_image":true,"has_history":true,"section":"used"} 1`] = `
Object {
  "moreCount": 0,
  "paramsInfo": Array [
    Object {
      "key": "section",
      "val": "С пробегом",
    },
    Object {
      "val": "Только с фото",
    },
    Object {
      "val": "С историей",
    },
  ],
}
`;

exports[`должен вернуть правильное описание параметров поиска для CARS {"price_from":2000,"section":"used"} 1`] = `
Object {
  "moreCount": 0,
  "paramsInfo": Array [
    Object {
      "key": "section",
      "val": "С пробегом",
    },
    Object {
      "key": "price_from",
      "label": "Цена",
      "val": "от 2 000 ₽",
    },
  ],
}
`;

exports[`должен вернуть правильное описание параметров поиска для CARS {"search_tag":["handling","economical"],"section":"all"} 1`] = `
Object {
  "moreCount": 0,
  "paramsInfo": Array [
    Object {
      "key": "search_tag",
      "label": undefined,
      "val": "Хорошая управляемость",
    },
    Object {
      "key": "search_tag",
      "label": undefined,
      "val": "Экономичный",
    },
  ],
}
`;

exports[`должен вернуть правильное описание параметров поиска для CARS {"year_to":2017,"year_from":2019,"displacement_from":250,"displacement_to":1000,"section":"used","has_image":false,"has_history":true} 1`] = `
Object {
  "moreCount": 2,
  "paramsInfo": Array [
    Object {
      "key": "section",
      "val": "С пробегом",
    },
    Object {
      "key": "year",
      "label": "Год",
      "val": "2019 — 2017",
    },
    Object {
      "key": "displacement",
      "label": "Объем",
      "val": "0.3 — 1.0 л",
    },
  ],
}
`;

exports[`должен вернуть правильное описание параметров поиска для CARS {"year_to":2019,"year_from":2019,"section":"used"} 1`] = `
Object {
  "moreCount": 0,
  "paramsInfo": Array [
    Object {
      "key": "section",
      "val": "С пробегом",
    },
    Object {
      "key": "year",
      "label": "Год",
      "val": "2019",
    },
  ],
}
`;

exports[`должен вернуть правильное описание параметров поиска для MOTO {"atv_type":["UTILITARIAN","AMPHIBIAN","TOURIST","CHILDISH","BUGGI","SPORTS"],"moto_type":"ATV","section":"all"} 1`] = `
Object {
  "moreCount": 0,
  "paramsInfo": Array [
    Object {
      "key": "atv_type",
      "label": "Тип вездехода",
      "val": "Утилитарный, Амфибия, Туристический, Детский, Багги, Спортивный",
    },
  ],
}
`;

exports[`должен вернуть правильное описание параметров поиска для MOTO {"displacement_from":250,"displacement_to":1000,"section":"used"} 1`] = `
Object {
  "moreCount": 0,
  "paramsInfo": Array [
    Object {
      "key": "section",
      "val": "С пробегом",
    },
    Object {
      "key": "displacement_moto",
      "label": "Объем",
      "val": "250 — 1 000 см³",
    },
  ],
}
`;

exports[`должен вернуть правильное описание параметров поиска для MOTO {"section":"all","moto_type":"MOTORCYCLE","engine_type":["INJECTOR","TURBO"]} 1`] = `
Object {
  "moreCount": 0,
  "paramsInfo": Array [
    Object {
      "key": "engine_type",
      "label": "Двигатель",
      "val": "Инжектор, Бензин турбонаддув",
    },
  ],
}
`;

exports[`должен вернуть правильное описание параметров поиска для MOTO {"section":"all","moto_type":"MOTORCYCLE","transmission":["TRANSMISSION_6","AUTOMATIC","AUTOMATIC_2_SPEED","ROBOTIC"]} 1`] = `
Object {
  "moreCount": 0,
  "paramsInfo": Array [
    Object {
      "key": "transmission",
      "label": "Коробка",
      "val": "6 передач, АКПП, 2-скоростной автомат, Роботизированная",
    },
  ],
}
`;

exports[`должен вернуть правильное описание параметров поиска для TRUCKS {"agricultural_type":["SEEDER"],"category":"TRUCKS","operating_hours_from":1,"operating_hours_to":10,"trucks_category":"AGRICULTURAL","section":"all"} 1`] = `
Object {
  "moreCount": 0,
  "paramsInfo": Array [
    Object {
      "key": "operating_hours",
      "label": "Моточасы",
      "val": "1 — 10",
    },
    Object {
      "key": "agricultural_type",
      "label": "Тип техники",
      "val": "Сеялка",
    },
  ],
}
`;

exports[`должен вернуть правильное описание параметров поиска для TRUCKS {"autoloader_type":["GRAB_LOADERS"],"category":"TRUCKS","trucks_category":"AUTOLOADER","section":"all"} 1`] = `
Object {
  "moreCount": 0,
  "paramsInfo": Array [
    Object {
      "key": "autoloader_type",
      "label": "Тип автопогрузчика",
      "val": "Грейферный погрузчик",
    },
  ],
}
`;

exports[`должен вернуть правильное описание параметров поиска для TRUCKS {"bucket_volume_from":1,"bucket_volume_to":20,"trucks_category":"DREDGE","section":"all"} 1`] = `
Object {
  "moreCount": 0,
  "paramsInfo": Array [
    Object {
      "key": "bucket_volume",
      "label": "Объём ковша",
      "val": "1 — 20 м³",
    },
  ],
}
`;

exports[`должен вернуть правильное описание параметров поиска для TRUCKS {"bulldozer_type":["CRAWLERS_BULLDOZER"],"category":"TRUCKS","traction_class":["TRACTION_10","TRACTION_6"],"trucks_category":"BULLDOZERS","section":"all"} 1`] = `
Object {
  "moreCount": 0,
  "paramsInfo": Array [
    Object {
      "key": "bulldozer_type",
      "label": "Тип бульдозера",
      "val": "Гусеничный бульдозер",
    },
    Object {
      "key": "traction_class",
      "label": "Тяговый класс",
      "val": "10, 6",
    },
  ],
}
`;

exports[`должен вернуть правильное описание параметров поиска для TRUCKS {"category":"TRUCKS","crane_radius_from":1,"trucks_category":"CRANE","section":"all"} 1`] = `
Object {
  "moreCount": 0,
  "paramsInfo": Array [
    Object {
      "key": "crane_radius_from",
      "label": "Вылет стрелы",
      "val": "от 1 м",
    },
  ],
}
`;

exports[`должен вернуть правильное описание параметров поиска для TRUCKS {"category":"TRUCKS","engine_type":["DIESEL"],"municipal_type":["WATERING_MACHINE"],"trucks_category":"MUNICIPAL","section":"all"} 1`] = `
Object {
  "moreCount": 0,
  "paramsInfo": Array [
    Object {
      "key": "engine_type",
      "label": "Двигатель",
      "val": "Дизель",
    },
    Object {
      "key": "municipal_type",
      "label": "Тип техники",
      "val": "Поливомоечная машина",
    },
  ],
}
`;

exports[`должен вернуть правильное описание параметров поиска для TRUCKS {"category":"TRUCKS","engine_type":["GASOLINE"],"trucks_category":"TRUCK","section":"all","suspension_chassis":["SPRING_PNEUMO"],"wheel_drive":["WD_6x4"]} 1`] = `
Object {
  "moreCount": 0,
  "paramsInfo": Array [
    Object {
      "key": "engine_type",
      "label": "Двигатель",
      "val": "Бензин",
    },
    Object {
      "key": "suspension_chassis",
      "label": "Подвеска шасси",
      "val": "Рессора-пневмо",
    },
    Object {
      "key": "wheel_drive",
      "label": "Колёсная формула",
      "val": "6x4",
    },
  ],
}
`;

exports[`должен вернуть правильное описание параметров поиска для TRUCKS {"category":"TRUCKS","euro_class":["EURO_2","EURO_GREEN"],"trucks_category":"TRUCK","section":"all"} 1`] = `
Object {
  "moreCount": 0,
  "paramsInfo": Array [
    Object {
      "key": "euro_class",
      "label": "Класс выхлопов EURO",
      "val": "2, Зеленый сертификат",
    },
  ],
}
`;

exports[`должен вернуть правильное описание параметров поиска для TRUCKS {"category":"TRUCKS","haggle":"HAGGLE_POSSIBLE","section":"all","trucks_category":"TRUCK"} 1`] = `
Object {
  "moreCount": 0,
  "paramsInfo": Array [
    Object {
      "val": "Возможен торг",
    },
  ],
}
`;

exports[`должен вернуть правильное описание параметров поиска для TRUCKS {"category":"TRUCKS","seats_from":1,"seats_to":10,"trucks_category":"LCV","section":"all"} 1`] = `
Object {
  "moreCount": 0,
  "paramsInfo": Array [
    Object {
      "key": "seats",
      "label": "К-во мест",
      "val": "1 — 10",
    },
  ],
}
`;

exports[`должен вернуть правильное описание параметров поиска для TRUCKS {"displacement_from":1200,"displacement_to":2600,"section":"used"} 1`] = `
Object {
  "moreCount": 0,
  "paramsInfo": Array [
    Object {
      "key": "section",
      "val": "С пробегом",
    },
    Object {
      "key": "displacement",
      "label": "Объем",
      "val": "1.2 — 2.6 л",
    },
  ],
}
`;

exports[`должен вернуть правильное описание параметров поиска для TRUCKS {"dredge_type":["CRAWLER_EXCAVATOR","TRENCH_EXCAVATOR"],"price_from":1,"price_to":2,"trucks_category":"DREDGE","section":"all"} 1`] = `
Object {
  "moreCount": 0,
  "paramsInfo": Array [
    Object {
      "key": "price",
      "label": "Цена",
      "val": "1 — 2 ₽",
    },
    Object {
      "key": "dredge_type",
      "label": "Тип экскаватора",
      "val": "Гусеничный экскаватор, Траншейный экскаватор",
    },
  ],
}
`;
