// Jest Snapshot v1, https://goo.gl/fbAQLP

exports[`дополнительный контакт - другого человека 1`] = `
Object {
  "related_person/name": Object {
    "name": "Алексей",
    "patronymic": "Валерьевич",
    "surname": "Петров",
    "value": "Петров Алексей Валерьевич",
  },
  "related_person/phone": "+79168570429",
  "related_person/related_person_type": "RELATIVES",
}
`;

exports[`дополнительный контакт - свой 1`] = `
Object {
  "related_person/phone": "+79168570422",
  "related_person/related_person_type": "UNKNOWN_TYPE",
}
`;
