// Jest Snapshot v1, https://goo.gl/fbAQLP

exports[`возвращает marks и models 1`] = `
Object {
  "marks": Array [
    Object {
      "big-logo": undefined,
      "count": undefined,
      "cyrillic_name": undefined,
      "id": "AUDI",
      "itemFilterParams": Object {
        "mark": "AUDI",
      },
      "logo": undefined,
      "name": "Audi",
      "numeric_id": 3139,
      "popular": undefined,
      "reviews_count": undefined,
      "year_from": undefined,
      "year_to": undefined,
    },
    Object {
      "big-logo": undefined,
      "count": undefined,
      "cyrillic_name": undefined,
      "id": "BMW",
      "itemFilterParams": Object {
        "mark": "BMW",
      },
      "logo": undefined,
      "name": "BMW",
      "numeric_id": 3141,
      "popular": undefined,
      "reviews_count": undefined,
      "year_from": undefined,
      "year_to": undefined,
    },
  ],
  "models": Array [
    Object {
      "count": undefined,
      "cyrillic_name": undefined,
      "id": "A5",
      "itemFilterParams": Object {
        "model": "A5",
      },
      "name": "A5",
      "nameplates": Array [],
      "popular": undefined,
      "reviews_count": undefined,
      "year_from": undefined,
      "year_to": undefined,
    },
    Object {
      "count": undefined,
      "cyrillic_name": undefined,
      "id": "Q5",
      "itemFilterParams": Object {
        "model": "Q5",
      },
      "name": "Q5",
      "nameplates": Array [],
      "popular": undefined,
      "reviews_count": undefined,
      "year_from": undefined,
      "year_to": undefined,
    },
  ],
}
`;
