// Jest Snapshot v1, https://goo.gl/fbAQLP

exports[`pie chart node 1`] = `"<list><stack id=\\"pie_chart_node\\" flexDirection=\\"column\\" backgroundColor=\\"FFFFFF\\" backgroundColorDark=\\"1C1C1E\\" backgroundColorID=\\"45\\"><frame width=\\"50\\" height=\\"50\\"><pieGraph id=\\"pie_1\\"/><stack width=\\"50\\" height=\\"50\\" alignItems=\\"center\\" justifyContent=\\"center\\"><text textColor=\\"000000\\" textColorDark=\\"FFFFFF\\" textColorID=\\"47\\" text=\\"70\\"/></stack></frame><pieGraph id=\\"pie_2\\" width=\\"50\\" height=\\"50\\"/></stack></list>"`;
