// Jest Snapshot v1, https://goo.gl/fbAQLP

exports[`должен мерджить правильный payload в стейт при диспатче экшена PAGE_LOADING_SUCCESS 1`] = `
Object {
  "allow_photo_reorder": 1,
  "auto_activate_cars_offers": 0,
  "auto_activate_commercial_offers": 0,
  "auto_activate_moto_offers": 0,
  "chat_enabled": 0,
  "foo": "foo",
  "hide_license_plate": 0,
  "overdraft_balance_person_id": 0,
  "overdraft_enabled": 0,
}
`;
