// Jest Snapshot v1, https://goo.gl/fbAQLP

exports[`должен правильно подкрасить весь запрос 1`] = `
<div
  className="SearchLineSuggestHighlight TextInput__control"
>
  <span
    className="SearchLineSuggestHighlight_unparsed"
  >
    странный
  </span>
  <span
    className="SearchLineSuggestHighlight_parsed"
  >
     ауди седан с 
  </span>
  <span
    className="SearchLineSuggestHighlight_unparsed"
  >
    лазерной
  </span>
  <span
    className="SearchLineSuggestHighlight_parsed"
  >
     
  </span>
  <span
    className="SearchLineSuggestHighlight_unparsed"
  >
    пушкой
  </span>
</div>
`;
