// Jest Snapshot v1, https://goo.gl/fbAQLP

exports[`должен формировать правильные ссылки с мерджем параметров 1`] = `
Array [
  <UniversalLink
    isSPA={true}
    link="linkCabinet/walk-in/?from=2015-01-11&to=2015-01-11&page=1"
  >
    день
  </UniversalLink>,
  <UniversalLink
    isSPA={true}
    link="linkCabinet/walk-in/?from=2015-01-05&to=2015-01-12&page=1"
  >
    неделю
  </UniversalLink>,
  <UniversalLink
    isSPA={true}
    link="linkCabinet/walk-in/?from=2014-12-12&to=2015-01-12&page=1"
  >
    месяц
  </UniversalLink>,
]
`;
