{"travel_time"=9.9;"time"="20110301T000100";"persistent_id"=1u;"segment_index"=0u;"next_edges"="4"};
{"travel_time"=10.;"time"="20110301T000100";"persistent_id"=1u;"segment_index"=0u;"next_edges"="4"};
{"travel_time"=10.5;"time"="20110301T000100";"persistent_id"=1u;"segment_index"=0u;"next_edges"="4"};
{"travel_time"=11.;"time"="20110301T000100";"persistent_id"=1u;"segment_index"=0u;"next_edges"="4"};

{"travel_time"=9.9;"time"="20110301T000100";"persistent_id"=2u;"segment_index"=0u;"next_edges"="4"};
{"travel_time"=10.;"time"="20110301T000100";"persistent_id"=2u;"segment_index"=0u;"next_edges"="4"};
{"travel_time"=10.5;"time"="20110301T000100";"persistent_id"=2u;"segment_index"=0u;"next_edges"="4"};
{"travel_time"=11.;"time"="20110301T000100";"persistent_id"=2u;"segment_index"=0u;"next_edges"="4"};
