{"clid"="clid";"uuid"="uuid";"track_start_time"="20210316T151000";"enter_time"="20210316T151000";"persistent_id"=10000000000001u;"segment_index"=0u;"match_time"="20210316T151100";"manoeuvre_id"=10u;"manoeuvre_match_time"="20210316T151600";};
{"clid"="clid";"uuid"="uuid";"track_start_time"="20210316T151000";"enter_time"="20210316T151100";"persistent_id"=10000000000001u;"segment_index"=1u;"match_time"="20210316T151200";"manoeuvre_id"=10u;"manoeuvre_match_time"="20210316T151600";};
{"clid"="clid";"uuid"="uuid";"track_start_time"="20210316T151000";"enter_time"="20210316T151200";"persistent_id"=10000000000002u;"segment_index"=0u;"match_time"="20210316T151300";"manoeuvre_id"=10u;"manoeuvre_match_time"="20210316T151600";};
{"clid"="clid";"uuid"="uuid";"track_start_time"="20210316T151000";"enter_time"="20210316T151300";"persistent_id"=10000000000003u;"segment_index"=0u;"match_time"="20210316T151400";"manoeuvre_id"=10u;"manoeuvre_match_time"="20210316T151600";};
{"clid"="clid";"uuid"="uuid";"track_start_time"="20210316T151000";"enter_time"="20210316T151400";"persistent_id"=10000000000003u;"segment_index"=1u;"match_time"="20210316T151500";"manoeuvre_id"=10u;"manoeuvre_match_time"="20210316T151600";};
{"clid"="clid";"uuid"="uuid";"track_start_time"="20210316T151000";"enter_time"="20210316T151300";"persistent_id"=10000000000003u;"segment_index"=0u;"match_time"="20210316T151400";"manoeuvre_id"=20u;"manoeuvre_match_time"="20210316T151800";};
{"clid"="clid";"uuid"="uuid";"track_start_time"="20210316T151000";"enter_time"="20210316T151400";"persistent_id"=10000000000003u;"segment_index"=1u;"match_time"="20210316T151500";"manoeuvre_id"=20u;"manoeuvre_match_time"="20210316T151800";};
{"clid"="clid";"uuid"="uuid";"track_start_time"="20210316T151000";"enter_time"="20210316T151500";"persistent_id"=10000000000004u;"segment_index"=0u;"match_time"="20210316T151600";"manoeuvre_id"=20u;"manoeuvre_match_time"="20210316T151800";};
{"clid"="clid";"uuid"="uuid";"track_start_time"="20210316T151000";"enter_time"="20210316T151600";"persistent_id"=10000000000005u;"segment_index"=0u;"match_time"="20210316T151700";"manoeuvre_id"=20u;"manoeuvre_match_time"="20210316T151800";};
