{
  "format": "AVITO_SH",
  "location": null,
  "externalId": "2177595223",
  "seller": {
    "contacts": {
      "phone": "8925018-10-85",
      "contactMethod": "ONLY_CHAT"
    },
    "locations": [
      {
        "address": {
          "address": "Республика Татарстан, Казань, Поперечно-Азинская ул., 38А"
        }
      }
    ]
  },
  "title": "Водитель такси без залога",
  "description": "Водитель такси без залога.\nУдобные графики работы 6/1, 2/2, 3/3, 5/2, 2/2/2, подработка!\nЕжедневные выплаты!\nБЕЗ ПЕРВОНАЧАЛЬНЫХ ВЗНОСОВ и НАКОПИТЕЛЬНЫХ ДЕПОЗИТОВ!\nАвтомобили 2018 года.\nПриведи друга - получи до 5000 рублей!!!\nАренда в сутки от 1350 рублей!\nАвтомобили парка:\n▪ Шкода Рапид (Skoda Rapid)\n▪ Хендай Солярис (Hyundai Solaris)\n▪ Фольцваген Поло (Volkswagen Polo)\n▪ Киа Рио (Kia Rio)\nАвтомобили 2018 года.\n☎Звоните сейчас и приходите к нам!\nУсловия:\n• Гибкий График работы 6/1 или 7/0. Возможен индивидуальный подбор графика.\n• Автомобиль без залога и депозита;\n• Ежедневные выплаты безналичных средств с таксометра.\n• Автомобили брендированные, оклейка бренда Яндекс Такси;\n• Заправка и мойка за счет водителя;\n• Ремонт и Смена резины за счет таксопарка;\n• Круглосуточная техническая поддержка;\n• Автомобили полностью укомплектованы и готовы к работе, полный пакет документов (путевые листы, диагностическая карта, разрешение)\n• Заработная плата до 60% от выручки.\n• Регулярно пополняем таксопарк свежими авто (комфорт, бюджетный, эконом);\n• Все автомобили домашние;\n• Есть автомобили на газу;\n• Подключаем к заказам Яндекс Такси (Yandex Taxi);\n• Приоритет в распределении заказов; корона Яндекс.\nТребования к водителю:\n• Водительское удостоверение категории В\n• Стаж по водительскому удостоверению более 3-х лет\n☎Звоните сейчас и приходите к нам!\nРаботаем по будням с 9:00 до 18:00.\nАдрес парка: г.Казань Ул. Даурская, 18 (Фольксваген Центр), вход справа от основного центрального входа, 2 этаж, каб.202.\nИщите наши другие предложения по работе водителем такси на авито.\nВы можете обращаться к нам, если ищите вакансии:\nВодитель такси, водитель такси на автомобиле таксопарка, водитель на авто парка, водитель такси на арендном автомобиле.\nЕсли вы искали аренда авто под такси, то рассмотрите возможность работы водителем такси в нашей компании.\nИщите нас на Авито!",
  "condition": "INAPPLICABLE",
  "category": {
    "category": "Свободный график"
  },
  "attributes": [],
  "images": [],
  "video": null,
  "price": {
    "salary": {
      "salaryRub": 95000
    }
  }
}