{"tag"="incomplete";"persistent_id"=5681202146741528770u;"travel_time"=5.82334533824;"time"="20200528T000400";"signals_accounted"=6u;"last_signal_time"="20200528T000305.486000"};
{"tag"="incomplete";"persistent_id"=5681202146741528770u;"travel_time"=5.82334533824;"time"="20200528T000430";"signals_accounted"=6u;"last_signal_time"="20200528T000405.486000"};
{"tag"="complete";"persistent_id"=5681202146741528770u;"travel_time"=6.0;"time"="20200528T000400";"signals_accounted"=8u;"last_signal_time"="20200528T000305.486000"};
{"tag"="complete";"persistent_id"=5681202146741528770u;"travel_time"=6.0;"time"="20200528T000430";"signals_accounted"=8u;"last_signal_time"="20200528T000405.486000"};
