{"id"="0";"edge_id"=0u;"segment_index"=0u;"A"="a";"B"="b1";"C"="c1";"region_id"=213u;"lat"=55.7746;"lon"=37.6513;"time"="20160101T000500";"clid"="clid0";"uuid"="uuid0"};
{"id"="1";"edge_id"=0u;"segment_index"=0u;"A"="a";"B"="b2";"C"="c2";"region_id"=213u;"lat"=55.7746;"lon"=37.6513;"time"="20160101T000500";"clid"="clid0";"uuid"="uuid0"};
