{"event_timestamp"=1577102538u; "route_id"="route_id1";};
{"event_timestamp"=1577102548u; "route_id"="route_id2";};
{"event_timestamp"=1577134600u; "route_id"="route_id6";};
