// Jest Snapshot v1, https://goo.gl/fbAQLP

exports[`getSiteInfo Возвращает корректый объект 1`] = `
Object {
  "siteId": "1",
}
`;
